// Jest Snapshot v1, https://goo.gl/fbAQLP

exports[`Example 1 1`] = `"{\\"term\\":{\\"tag\\":\\"LetTerm\\",\\"declarations\\":[{\\"tag\\":\\"VariableDeclaration\\",\\"variable\\":\\"id\\",\\"body\\":{\\"tag\\":\\"LambdaTerm\\",\\"args\\":[\\"x\\"],\\"body\\":{\\"tag\\":\\"VariableTerm\\",\\"variable\\":\\"x\\",\\"ann\\":{\\"span\\":{\\"type\\":\\"Span\\",\\"line\\":{\\"start\\":3,\\"end\\":3},\\"column\\":{\\"start\\":15,\\"end\\":15}}}},\\"ann\\":{\\"span\\":{\\"type\\":\\"Span\\",\\"line\\":{\\"start\\":3,\\"end\\":3},\\"column\\":{\\"start\\":8,\\"end\\":15}}}},\\"ann\\":{\\"span\\":{\\"type\\":\\"Span\\",\\"line\\":{\\"start\\":3,\\"end\\":3},\\"column\\":{\\"start\\":3,\\"end\\":15}}}},{\\"tag\\":\\"VariableDeclaration\\",\\"variable\\":\\"constant\\",\\"body\\":{\\"tag\\":\\"LambdaTerm\\",\\"args\\":[\\"a\\",\\"b\\"],\\"body\\":{\\"tag\\":\\"VariableTerm\\",\\"variable\\":\\"a\\",\\"ann\\":{\\"span\\":{\\"type\\":\\"Span\\",\\"line\\":{\\"start\\":4,\\"end\\":4},\\"column\\":{\\"start\\":24,\\"end\\":24}}}},\\"ann\\":{\\"span\\":{\\"type\\":\\"Span\\",\\"line\\":{\\"start\\":4,\\"end\\":4},\\"column\\":{\\"start\\":14,\\"end\\":24}}}},\\"ann\\":{\\"span\\":{\\"type\\":\\"Span\\",\\"line\\":{\\"start\\":4,\\"end\\":4},\\"column\\":{\\"start\\":3,\\"end\\":24}}}},{\\"tag\\":\\"VariableDeclaration\\",\\"variable\\":\\"createFoo\\",\\"body\\":{\\"tag\\":\\"LambdaTerm\\",\\"args\\":[\\"x\\"],\\"body\\":{\\"tag\\":\\"ObjectTerm\\",\\"entries\\":{\\"name\\":{\\"tag\\":\\"ArrayTerm\\",\\"elements\\":[{\\"tag\\":\\"ValueTerm\\",\\"value\\":{\\"tag\\":\\"StringValue\\",\\"str\\":\\"F\\",\\"ann\\":{\\"span\\":{\\"type\\":\\"Span\\",\\"line\\":{\\"start\\":6,\\"end\\":6},\\"column\\":{\\"start\\":12,\\"end\\":14}}}},\\"ann\\":{\\"span\\":{\\"type\\":\\"Span\\",\\"line\\":{\\"start\\":6,\\"end\\":6},\\"column\\":{\\"start\\":12,\\"end\\":14}}}},{\\"tag\\":\\"ValueTerm\\",\\"value\\":{\\"tag\\":\\"StringValue\\",\\"str\\":\\"o\\",\\"ann\\":{\\"span\\":{\\"type\\":\\"Span\\",\\"line\\":{\\"start\\":6,\\"end\\":6},\\"column\\":{\\"start\\":17,\\"end\\":19}}}},\\"ann\\":{\\"span\\":{\\"type\\":\\"Span\\",\\"line\\":{\\"start\\":6,\\"end\\":6},\\"column\\":{\\"start\\":17,\\"end\\":19}}}},{\\"tag\\":\\"ValueTerm\\",\\"value\\":{\\"tag\\":\\"StringValue\\",\\"str\\":\\"o\\",\\"ann\\":{\\"span\\":{\\"type\\":\\"Span\\",\\"line\\":{\\"start\\":6,\\"end\\":6},\\"column\\":{\\"start\\":22,\\"end\\":24}}}},\\"ann\\":{\\"span\\":{\\"type\\":\\"Span\\",\\"line\\":{\\"start\\":6,\\"end\\":6},\\"column\\":{\\"start\\":22,\\"end\\":24}}}},{\\"tag\\":\\"ValueTerm\\",\\"value\\":{\\"tag\\":\\"StringValue\\",\\"str\\":\\"b\\",\\"ann\\":{\\"span\\":{\\"type\\":\\"Span\\",\\"line\\":{\\"start\\":6,\\"end\\":6},\\"column\\":{\\"start\\":27,\\"end\\":29}}}},\\"ann\\":{\\"span\\":{\\"type\\":\\"Span\\",\\"line\\":{\\"start\\":6,\\"end\\":6},\\"column\\":{\\"start\\":27,\\"end\\":29}}}},{\\"tag\\":\\"ValueTerm\\",\\"value\\":{\\"tag\\":\\"StringValue\\",\\"str\\":\\"a\\",\\"ann\\":{\\"span\\":{\\"type\\":\\"Span\\",\\"line\\":{\\"start\\":6,\\"end\\":6},\\"column\\":{\\"start\\":32,\\"end\\":34}}}},\\"ann\\":{\\"span\\":{\\"type\\":\\"Span\\",\\"line\\":{\\"start\\":6,\\"end\\":6},\\"column\\":{\\"start\\":32,\\"end\\":34}}}},{\\"tag\\":\\"ValueTerm\\",\\"value\\":{\\"tag\\":\\"StringValue\\",\\"str\\":\\"r\\",\\"ann\\":{\\"span\\":{\\"type\\":\\"Span\\",\\"line\\":{\\"start\\":6,\\"end\\":6},\\"column\\":{\\"start\\":37,\\"end\\":39}}}},\\"ann\\":{\\"span\\":{\\"type\\":\\"Span\\",\\"line\\":{\\"start\\":6,\\"end\\":6},\\"column\\":{\\"start\\":37,\\"end\\":39}}}}],\\"ann\\":{\\"span\\":{\\"type\\":\\"Span\\",\\"line\\":{\\"start\\":6,\\"end\\":6},\\"column\\":{\\"start\\":11,\\"end\\":40}}}},\\"value\\":{\\"tag\\":\\"VariableTerm\\",\\"variable\\":\\"x\\",\\"ann\\":{\\"span\\":{\\"type\\":\\"Span\\",\\"line\\":{\\"start\\":7,\\"end\\":7},\\"column\\":{\\"start\\":12,\\"end\\":12}}}}},\\"ann\\":{\\"span\\":{\\"type\\":\\"Span\\",\\"line\\":{\\"start\\":5,\\"end\\":8},\\"column\\":{\\"start\\":22,\\"end\\":3}}}},\\"ann\\":{\\"span\\":{\\"type\\":\\"Span\\",\\"line\\":{\\"start\\":5,\\"end\\":8},\\"column\\":{\\"start\\":15,\\"end\\":3}}}},\\"ann\\":{\\"span\\":{\\"type\\":\\"Span\\",\\"line\\":{\\"start\\":5,\\"end\\":8},\\"column\\":{\\"start\\":3,\\"end\\":3}}}},{\\"tag\\":\\"VariableDeclaration\\",\\"variable\\":\\"bar\\",\\"body\\":{\\"tag\\":\\"ValueTerm\\",\\"value\\":{\\"tag\\":\\"NumberValue\\",\\"num\\":999,\\"ann\\":{\\"span\\":{\\"type\\":\\"Span\\",\\"line\\":{\\"start\\":9,\\"end\\":9},\\"column\\":{\\"start\\":9,\\"end\\":11}}}},\\"ann\\":{\\"span\\":{\\"type\\":\\"Span\\",\\"line\\":{\\"start\\":9,\\"end\\":9},\\"column\\":{\\"start\\":9,\\"end\\":11}}}},\\"ann\\":{\\"span\\":{\\"type\\":\\"Span\\",\\"line\\":{\\"start\\":9,\\"end\\":9},\\"column\\":{\\"start\\":3,\\"end\\":11}}}}],\\"body\\":{\\"tag\\":\\"DoTerm\\",\\"block\\":{\\"tag\\":\\"BlockStatement\\",\\"statements\\":[{\\"tag\\":\\"AssignmentStatement\\",\\"lhs\\":\\"baz\\",\\"rhs\\":{\\"tag\\":\\"CallTerm\\",\\"func\\":{\\"tag\\":\\"VariableTerm\\",\\"variable\\":\\"id\\",\\"ann\\":{\\"span\\":{\\"type\\":\\"Span\\",\\"line\\":{\\"start\\":11,\\"end\\":11},\\"column\\":{\\"start\\":9,\\"end\\":10}}}},\\"args\\":[{\\"tag\\":\\"VariableTerm\\",\\"variable\\":\\"bar\\",\\"ann\\":{\\"span\\":{\\"type\\":\\"Span\\",\\"line\\":{\\"start\\":11,\\"end\\":11},\\"column\\":{\\"start\\":12,\\"end\\":14}}}}],\\"ann\\":{\\"span\\":{\\"type\\":\\"Span\\",\\"line\\":{\\"start\\":11,\\"end\\":11},\\"column\\":{\\"start\\":9,\\"end\\":15}}}},\\"ann\\":{\\"span\\":{\\"type\\":\\"Span\\",\\"line\\":{\\"start\\":11,\\"end\\":11},\\"column\\":{\\"start\\":3,\\"end\\":15}}}},{\\"tag\\":\\"CallStatement\\",\\"func\\":{\\"tag\\":\\"VariableTerm\\",\\"variable\\":\\"constant\\",\\"ann\\":{\\"span\\":{\\"type\\":\\"Span\\",\\"line\\":{\\"start\\":12,\\"end\\":12},\\"column\\":{\\"start\\":3,\\"end\\":10}}}},\\"args\\":[{\\"tag\\":\\"VariableTerm\\",\\"variable\\":\\"baz\\",\\"ann\\":{\\"span\\":{\\"type\\":\\"Span\\",\\"line\\":{\\"start\\":12,\\"end\\":12},\\"column\\":{\\"start\\":12,\\"end\\":14}}}},{\\"tag\\":\\"VariableTerm\\",\\"variable\\":\\"bar\\",\\"ann\\":{\\"span\\":{\\"type\\":\\"Span\\",\\"line\\":{\\"start\\":12,\\"end\\":12},\\"column\\":{\\"start\\":17,\\"end\\":19}}}}],\\"ann\\":{\\"span\\":{\\"type\\":\\"Span\\",\\"line\\":{\\"start\\":12,\\"end\\":12},\\"column\\":{\\"start\\":3,\\"end\\":20}}}},{\\"tag\\":\\"AssignmentStatement\\",\\"lhs\\":\\"clientName\\",\\"rhs\\":{\\"tag\\":\\"MemberAccessTerm\\",\\"object\\":{\\"tag\\":\\"CallTerm\\",\\"func\\":{\\"tag\\":\\"VariableTerm\\",\\"variable\\":\\"createFoo\\",\\"ann\\":{\\"span\\":{\\"type\\":\\"Span\\",\\"line\\":{\\"start\\":13,\\"end\\":13},\\"column\\":{\\"start\\":16,\\"end\\":24}}}},\\"args\\":[{\\"tag\\":\\"VariableTerm\\",\\"variable\\":\\"baz\\",\\"ann\\":{\\"span\\":{\\"type\\":\\"Span\\",\\"line\\":{\\"start\\":13,\\"end\\":13},\\"column\\":{\\"start\\":26,\\"end\\":28}}}}],\\"ann\\":{\\"span\\":{\\"type\\":\\"Span\\",\\"line\\":{\\"start\\":13,\\"end\\":13},\\"column\\":{\\"start\\":16,\\"end\\":29}}}},\\"member\\":\\"name\\",\\"ann\\":{\\"span\\":{\\"type\\":\\"Span\\",\\"line\\":{\\"start\\":13,\\"end\\":13},\\"column\\":{\\"start\\":16,\\"end\\":34}}}},\\"ann\\":{\\"span\\":{\\"type\\":\\"Span\\",\\"line\\":{\\"start\\":13,\\"end\\":13},\\"column\\":{\\"start\\":3,\\"end\\":34}}}},{\\"tag\\":\\"ReturnStatement\\",\\"result\\":{\\"tag\\":\\"VariableTerm\\",\\"variable\\":\\"clientName\\",\\"ann\\":{\\"span\\":{\\"type\\":\\"Span\\",\\"line\\":{\\"start\\":14,\\"end\\":14},\\"column\\":{\\"start\\":10,\\"end\\":19}}}},\\"ann\\":{\\"span\\":{\\"type\\":\\"Span\\",\\"line\\":{\\"start\\":14,\\"end\\":14},\\"column\\":{\\"start\\":3,\\"end\\":19}}}}],\\"ann\\":{\\"span\\":{\\"type\\":\\"Span\\",\\"line\\":{\\"start\\":10,\\"end\\":15},\\"column\\":{\\"start\\":7,\\"end\\":1}}}},\\"ann\\":{\\"span\\":{\\"type\\":\\"Span\\",\\"line\\":{\\"start\\":10,\\"end\\":15},\\"column\\":{\\"start\\":4,\\"end\\":1}}}},\\"ann\\":{\\"span\\":{\\"type\\":\\"Span\\",\\"line\\":{\\"start\\":2,\\"end\\":15},\\"column\\":{\\"start\\":1,\\"end\\":1}}}},\\"warnings\\":[{}]}"`;
